Archive member included to satisfy reference by file (symbol)

C:/Program Files/STMicroelectronics/STM32CubeCLT_1.16.0/GNU-tools-for-STM32/bin/../lib/gcc/arm-none-eabi/12.3.1/../../../../arm-none-eabi/lib/thumb/v7e-m+fp/hard\libc_nano.a(libc_a-exit.o)
                              C:/Program Files/STMicroelectronics/STM32CubeCLT_1.16.0/GNU-tools-for-STM32/bin/../lib/gcc/arm-none-eabi/12.3.1/../../../../arm-none-eabi/lib/thumb/v7e-m+fp/hard/crt0.o (exit)
C:/Program Files/STMicroelectronics/STM32CubeCLT_1.16.0/GNU-tools-for-STM32/bin/../lib/gcc/arm-none-eabi/12.3.1/../../../../arm-none-eabi/lib/thumb/v7e-m+fp/hard\libc_nano.a(libc_a-findfp.o)
                              C:/Program Files/STMicroelectronics/STM32CubeCLT_1.16.0/GNU-tools-for-STM32/bin/../lib/gcc/arm-none-eabi/12.3.1/../../../../arm-none-eabi/lib/thumb/v7e-m+fp/hard\libc_nano.a(libc_a-exit.o) (__stdio_exit_handler)
C:/Program Files/STMicroelectronics/STM32CubeCLT_1.16.0/GNU-tools-for-STM32/bin/../lib/gcc/arm-none-eabi/12.3.1/../../../../arm-none-eabi/lib/thumb/v7e-m+fp/hard\libc_nano.a(libc_a-fwalk.o)
                              C:/Program Files/STMicroelectronics/STM32CubeCLT_1.16.0/GNU-tools-for-STM32/bin/../lib/gcc/arm-none-eabi/12.3.1/../../../../arm-none-eabi/lib/thumb/v7e-m+fp/hard\libc_nano.a(libc_a-findfp.o) (_fwalk_sglue)
C:/Program Files/STMicroelectronics/STM32CubeCLT_1.16.0/GNU-tools-for-STM32/bin/../lib/gcc/arm-none-eabi/12.3.1/../../../../arm-none-eabi/lib/thumb/v7e-m+fp/hard\libc_nano.a(libc_a-stdio.o)
                              C:/Program Files/STMicroelectronics/STM32CubeCLT_1.16.0/GNU-tools-for-STM32/bin/../lib/gcc/arm-none-eabi/12.3.1/../../../../arm-none-eabi/lib/thumb/v7e-m+fp/hard\libc_nano.a(libc_a-findfp.o) (__sread)
C:/Program Files/STMicroelectronics/STM32CubeCLT_1.16.0/GNU-tools-for-STM32/bin/../lib/gcc/arm-none-eabi/12.3.1/../../../../arm-none-eabi/lib/thumb/v7e-m+fp/hard\libc_nano.a(libc_a-memset.o)
                              C:/Program Files/STMicroelectronics/STM32CubeCLT_1.16.0/GNU-tools-for-STM32/bin/../lib/gcc/arm-none-eabi/12.3.1/../../../../arm-none-eabi/lib/thumb/v7e-m+fp/hard/crt0.o (memset)
C:/Program Files/STMicroelectronics/STM32CubeCLT_1.16.0/GNU-tools-for-STM32/bin/../lib/gcc/arm-none-eabi/12.3.1/../../../../arm-none-eabi/lib/thumb/v7e-m+fp/hard\libc_nano.a(libc_a-closer.o)
                              C:/Program Files/STMicroelectronics/STM32CubeCLT_1.16.0/GNU-tools-for-STM32/bin/../lib/gcc/arm-none-eabi/12.3.1/../../../../arm-none-eabi/lib/thumb/v7e-m+fp/hard\libc_nano.a(libc_a-stdio.o) (_close_r)
C:/Program Files/STMicroelectronics/STM32CubeCLT_1.16.0/GNU-tools-for-STM32/bin/../lib/gcc/arm-none-eabi/12.3.1/../../../../arm-none-eabi/lib/thumb/v7e-m+fp/hard\libc_nano.a(libc_a-reent.o)
                              C:/Program Files/STMicroelectronics/STM32CubeCLT_1.16.0/GNU-tools-for-STM32/bin/../lib/gcc/arm-none-eabi/12.3.1/../../../../arm-none-eabi/lib/thumb/v7e-m+fp/hard\libc_nano.a(libc_a-closer.o) (errno)
C:/Program Files/STMicroelectronics/STM32CubeCLT_1.16.0/GNU-tools-for-STM32/bin/../lib/gcc/arm-none-eabi/12.3.1/../../../../arm-none-eabi/lib/thumb/v7e-m+fp/hard\libc_nano.a(libc_a-impure.o)
                              C:/Program Files/STMicroelectronics/STM32CubeCLT_1.16.0/GNU-tools-for-STM32/bin/../lib/gcc/arm-none-eabi/12.3.1/../../../../arm-none-eabi/lib/thumb/v7e-m+fp/hard\libc_nano.a(libc_a-reent.o) (_impure_ptr)
C:/Program Files/STMicroelectronics/STM32CubeCLT_1.16.0/GNU-tools-for-STM32/bin/../lib/gcc/arm-none-eabi/12.3.1/../../../../arm-none-eabi/lib/thumb/v7e-m+fp/hard\libc_nano.a(libc_a-lseekr.o)
                              C:/Program Files/STMicroelectronics/STM32CubeCLT_1.16.0/GNU-tools-for-STM32/bin/../lib/gcc/arm-none-eabi/12.3.1/../../../../arm-none-eabi/lib/thumb/v7e-m+fp/hard\libc_nano.a(libc_a-stdio.o) (_lseek_r)
C:/Program Files/STMicroelectronics/STM32CubeCLT_1.16.0/GNU-tools-for-STM32/bin/../lib/gcc/arm-none-eabi/12.3.1/../../../../arm-none-eabi/lib/thumb/v7e-m+fp/hard\libc_nano.a(libc_a-readr.o)
                              C:/Program Files/STMicroelectronics/STM32CubeCLT_1.16.0/GNU-tools-for-STM32/bin/../lib/gcc/arm-none-eabi/12.3.1/../../../../arm-none-eabi/lib/thumb/v7e-m+fp/hard\libc_nano.a(libc_a-stdio.o) (_read_r)
C:/Program Files/STMicroelectronics/STM32CubeCLT_1.16.0/GNU-tools-for-STM32/bin/../lib/gcc/arm-none-eabi/12.3.1/../../../../arm-none-eabi/lib/thumb/v7e-m+fp/hard\libc_nano.a(libc_a-writer.o)
                              C:/Program Files/STMicroelectronics/STM32CubeCLT_1.16.0/GNU-tools-for-STM32/bin/../lib/gcc/arm-none-eabi/12.3.1/../../../../arm-none-eabi/lib/thumb/v7e-m+fp/hard\libc_nano.a(libc_a-stdio.o) (_write_r)
C:/Program Files/STMicroelectronics/STM32CubeCLT_1.16.0/GNU-tools-for-STM32/bin/../lib/gcc/arm-none-eabi/12.3.1/../../../../arm-none-eabi/lib/thumb/v7e-m+fp/hard\libc_nano.a(libc_a-init.o)
[...]
Memory Configuration

Name             Origin             Length             Attributes
RAM              0x20000000         0x00020000         xrw
FLASH            0x08000000         0x00080000         xr
*default*        0x00000000         0xffffffff

Linker script and memory map

LOAD C:/Program Files/STMicroelectronics/STM32CubeCLT_1.16.0/GNU-tools-for-STM32/bin/../lib/gcc/arm-none-eabi/12.3.1/thumb/v7e-m+fp/hard/crti.o
LOAD C:/Program Files/STMicroelectronics/STM32CubeCLT_1.16.0/GNU-tools-for-STM32/bin/../lib/gcc/arm-none-eabi/12.3.1/thumb/v7e-m+fp/hard/crtbegin.o
LOAD C:/Program Files/STMicroelectronics/STM32CubeCLT_1.16.0/GNU-tools-for-STM32/bin/../lib/gcc/arm-none-eabi/12.3.1/../../../../arm-none-eabi/lib/thumb/v7e-m+fp/hard/crt0.o
START GROUP
LOAD C:/Program Files/STMicroelectronics/STM32CubeCLT_1.16.0/GNU-tools-for-STM32/bin/../lib/gcc/arm-none-eabi/12.3.1/../../../../arm-none-eabi/lib/thumb/v7e-m+fp/hard\libc_nano.a
LOAD C:/Program Files/STMicroelectronics/STM32CubeCLT_1.16.0/GNU-tools-for-STM32/bin/../lib/gcc/arm-none-eabi/12.3.1/../../../../arm-none-eabi/lib/thumb/v7e-m+fp/hard\libm.a
END GROUP
LOAD CMakeFiles/STM32_NUCLEO-G474RE_Demo.dir/Core/Src/main.c.obj
LOAD CMakeFiles/STM32_NUCLEO-G474RE_Demo.dir/Core/Src/gpio.c.obj
LOAD CMakeFiles/STM32_NUCLEO-G474RE_Demo.dir/Core/Src/stm32g4xx_it.c.obj
LOAD CMakeFiles/STM32_NUCLEO-G474RE_Demo.dir/Core/Src/stm32g4xx_hal_msp.c.obj
LOAD CMakeFiles/STM32_NUCLEO-G474RE_Demo.dir/Drivers/BSP/STM32G4xx_Nucleo/stm32g4xx_nucleo.c.obj
LOAD CMakeFiles/STM32_NUCLEO-G474RE_Demo.dir/Drivers/STM32G4xx_HAL_Driver/Src/stm32g4xx_hal.c.obj
LOAD CMakeFiles/STM32_NUCLEO-G474RE_Demo.dir/Drivers/STM32G4xx_HAL_Driver/Src/stm32g4xx_hal_rcc.c.obj
LOAD CMakeFiles/STM32_NUCLEO-G474RE_Demo.dir/Drivers/STM32G4xx_HAL_Driver/Src/stm32g4xx_hal_rcc_ex.c.obj
LOAD CMakeFiles/STM32_NUCLEO-G474RE_Demo.dir/Drivers/STM32G4xx_HAL_Driver/Src/stm32g4xx_hal_flash.c.obj
LOAD CMakeFiles/STM32_NUCLEO-G474RE_Demo.dir/Drivers/STM32G4xx_HAL_Driver/Src/stm32g4xx_hal_flash_ex.c.obj
LOAD CMakeFiles/STM32_NUCLEO-G474RE_Demo.dir/Drivers/STM32G4xx_HAL_Driver/Src/stm32g4xx_hal_flash_ramfunc.c.obj
LOAD CMakeFiles/STM32_NUCLEO-G474RE_Demo.dir/Drivers/STM32G4xx_HAL_Driver/Src/stm32g4xx_hal_gpio.c.obj
LOAD CMakeFiles/STM32_NUCLEO-G474RE_Demo.dir/Drivers/STM32G4xx_HAL_Driver/Src/stm32g4xx_hal_exti.c.obj
LOAD CMakeFiles/STM32_NUCLEO-G474RE_Demo.dir/Drivers/STM32G4xx_HAL_Driver/Src/stm32g4xx_hal_dma.c.obj
LOAD CMakeFiles/STM32_NUCLEO-G474RE_Demo.dir/Drivers/STM32G4xx_HAL_Driver/Src/stm32g4xx_hal_dma_ex.c.obj
LOAD CMakeFiles/STM32_NUCLEO-G474RE_Demo.dir/Drivers/STM32G4xx_HAL_Driver/Src/stm32g4xx_hal_pwr.c.obj
LOAD CMakeFiles/STM32_NUCLEO-G474RE_Demo.dir/Drivers/STM32G4xx_HAL_Driver/Src/stm32g4xx_hal_pwr_ex.c.obj
LOAD CMakeFiles/STM32_NUCLEO-G474RE_Demo.dir/Drivers/STM32G4xx_HAL_Driver/Src/stm32g4xx_hal_cortex.c.obj
LOAD CMakeFiles/STM32_NUCLEO-G474RE_Demo.dir/Drivers/STM32G4xx_HAL_Driver/Src/stm32g4xx_hal_tim.c.obj
LOAD CMakeFiles/STM32_NUCLEO-G474RE_Demo.dir/Drivers/STM32G4xx_HAL_Driver/Src/stm32g4xx_hal_tim_ex.c.obj
LOAD CMakeFiles/STM32_NUCLEO-G474RE_Demo.dir/Drivers/STM32G4xx_HAL_Driver/Src/stm32g4xx_hal_usart.c.obj
LOAD CMakeFiles/STM32_NUCLEO-G474RE_Demo.dir/Drivers/STM32G4xx_HAL_Driver/Src/stm32g4xx_hal_usart_ex.c.obj
LOAD CMakeFiles/STM32_NUCLEO-G474RE_Demo.dir/Drivers/STM32G4xx_HAL_Driver/Src/stm32g4xx_hal_uart_ex.c.obj
LOAD CMakeFiles/STM32_NUCLEO-G474RE_Demo.dir/Drivers/STM32G4xx_HAL_Driver/Src/stm32g4xx_hal_uart.c.obj
LOAD CMakeFiles/STM32_NUCLEO-G474RE_Demo.dir/Core/Src/system_stm32g4xx.c.obj
LOAD CMakeFiles/STM32_NUCLEO-G474RE_Demo.dir/Core/Src/sysmem.c.obj
LOAD CMakeFiles/STM32_NUCLEO-G474RE_Demo.dir/Core/Src/syscalls.c.obj
LOAD CMakeFiles/STM32_NUCLEO-G474RE_Demo.dir/startup_stm32g474xx.s.obj
START GROUP
LOAD C:/Program Files/STMicroelectronics/STM32CubeCLT_1.16.0/GNU-tools-for-STM32/bin/../lib/gcc/arm-none-eabi/12.3.1/thumb/v7e-m+fp/hard\libgcc.a
LOAD C:/Program Files/STMicroelectronics/STM32CubeCLT_1.16.0/GNU-tools-for-STM32/bin/../lib/gcc/arm-none-eabi/12.3.1/../../../../arm-none-eabi/lib/thumb/v7e-m+fp/hard\libg_nano.a
LOAD C:/Program Files/STMicroelectronics/STM32CubeCLT_1.16.0/GNU-tools-for-STM32/bin/../lib/gcc/arm-none-eabi/12.3.1/../../../../arm-none-eabi/lib/thumb/v7e-m+fp/hard\libc_nano.a
END GROUP
START GROUP
LOAD C:/Program Files/STMicroelectronics/STM32CubeCLT_1.16.0/GNU-tools-for-STM32/bin/../lib/gcc/arm-none-eabi/12.3.1/thumb/v7e-m+fp/hard\libgcc.a
LOAD C:/Program Files/STMicroelectronics/STM32CubeCLT_1.16.0/GNU-tools-for-STM32/bin/../lib/gcc/arm-none-eabi/12.3.1/../../../../arm-none-eabi/lib/thumb/v7e-m+fp/hard\libc_nano.a
END GROUP
LOAD C:/Program Files/STMicroelectronics/STM32CubeCLT_1.16.0/GNU-tools-for-STM32/bin/../lib/gcc/arm-none-eabi/12.3.1/thumb/v7e-m+fp/hard/crtend.o
LOAD C:/Program Files/STMicroelectronics/STM32CubeCLT_1.16.0/GNU-tools-for-STM32/bin/../lib/gcc/arm-none-eabi/12.3.1/thumb/v7e-m+fp/hard/crtn.o
                0x20020000                        _estack = (ORIGIN (RAM) + LENGTH (RAM))
                0x00000200                        _Min_Heap_Size = 0x200
                0x00000400                        _Min_Stack_Size = 0x400

.isr_vector     0x08000000      0x1d8
                0x08000000                        . = ALIGN (0x4)
 *(.isr_vector)
 .isr_vector    0x08000000      0x1d8 CMakeFiles/STM32_NUCLEO-G474RE_Demo.dir/startup_stm32g474xx.s.obj
                0x08000000                g_pfnVectors
                0x080001d8                        . = ALIGN (0x4)

.text           0x080001d8     0x275c
                0x080001d8                        . = ALIGN (0x4)
 *(.text)
 .text          0x080001d8       0x40 C:/Program Files/STMicroelectronics/STM32CubeCLT_1.16.0/GNU-tools-for-STM32/bin/../lib/gcc/arm-none-eabi/12.3.1/thumb/v7e-m+fp/hard/crtbegin.o
 .text          0x08000218       0x30 C:/Program Files/STMicroelectronics/STM32CubeCLT_1.16.0/GNU-tools-for-STM32/bin/../lib/gcc/arm-none-eabi/12.3.1/thumb/v7e-m+fp/hard\libgcc.a(_aeabi_uldivmod.o)
                0x08000218                __aeabi_uldivmod
 .text          0x08000248      0x2bc C:/Program Files/STMicroelectronics/STM32CubeCLT_1.16.0/GNU-tools-for-STM32/bin/../lib/gcc/arm-none-eabi/12.3.1/thumb/v7e-m+fp/hard\libgcc.a(_udivmoddi4.o)
                0x08000248                __udivmoddi4
 .text          0x08000504        0x4 C:/Program Files/STMicroelectronics/STM32CubeCLT_1.16.0/GNU-tools-for-STM32/bin/../lib/gcc/arm-none-eabi/12.3.1/thumb/v7e-m+fp/hard\libgcc.a(_dvmd_tls.o)
                0x08000504                __aeabi_idiv0
                0x08000504                __aeabi_ldiv0
 *(.text*)
 .text.memset   0x08000508       0x10 C:/Program Files/STMicroelectronics/STM32CubeCLT_1.16.0/GNU-tools-for-STM32/bin/../lib/gcc/arm-none-eabi/12.3.1/../../../../arm-none-eabi/lib/thumb/v7e-m+fp/hard\libc_nano.a(libc_a-memset.o)
                0x08000508                memset
 .text.__libc_init_array
                0x08000518       0x48 C:/Program Files/STMicroelectronics/STM32CubeCLT_1.16.0/GNU-tools-for-STM32/bin/../lib/gcc/arm-none-eabi/12.3.1/../../../../arm-none-eabi/lib/thumb/v7e-m+fp/hard\libc_nano.a(libc_a-init.o)
                0x08000518                __libc_init_array
 .text.main     0x08000560       0x5c CMakeFiles/STM32_NUCLEO-G474RE_Demo.dir/Core/Src/main.c.obj
                0x08000560                main
 .text.SystemClock_Config
                0x080005bc       0x92 CMakeFiles/STM32_NUCLEO-G474RE_Demo.dir/Core/Src/main.c.obj
                0x080005bc                SystemClock_Config
 .text.Error_Handler
                0x0800064e        0xc CMakeFiles/STM32_NUCLEO-G474RE_Demo.dir/Core/Src/main.c.obj
                0x0800064e                Error_Handler
 *fill*         0x0800065a        0x2 
 .text.MX_GPIO_Init
                0x0800065c       0xcc CMakeFiles/STM32_NUCLEO-G474RE_Demo.dir/Core/Src/gpio.c.obj
                0x0800065c                MX_GPIO_Init
 .text.NMI_Handler
                0x08000728        0x8 CMakeFiles/STM32_NUCLEO-G474RE_Demo.dir/Core/Src/stm32g4xx_it.c.obj
                0x08000728                NMI_Handler
 .text.HardFault_Handler
                0x08000730        0x8 CMakeFiles/STM32_NUCLEO-G474RE_Demo.dir/Core/Src/stm32g4xx_it.c.obj
                0x08000730                HardFault_Handler
 .text.MemManage_Handler
                0x08000738        0x8 CMakeFiles/STM32_NUCLEO-G474RE_Demo.dir/Core/Src/stm32g4xx_it.c.obj
                0x08000738                MemManage_Handler
 .text.BusFault_Handler
                0x08000740        0x8 CMakeFiles/STM32_NUCLEO-G474RE_Demo.dir/Core/Src/stm32g4xx_it.c.obj
                0x08000740                BusFault_Handler
 .text.UsageFault_Handler
                0x08000748        0x8 CMakeFiles/STM32_NUCLEO-G474RE_Demo.dir/Core/Src/stm32g4xx_it.c.obj
                0x08000748                UsageFault_Handler
 .text.SVC_Handler
                0x08000750        0xe CMakeFiles/STM32_NUCLEO-G474RE_Demo.dir/Core/Src/stm32g4xx_it.c.obj
                0x08000750                SVC_Handler
 .text.DebugMon_Handler
                0x0800075e        0xe CMakeFiles/STM32_NUCLEO-G474RE_Demo.dir/Core/Src/stm32g4xx_it.c.obj
                0x0800075e                DebugMon_Handler
 .text.PendSV_Handler
                0x0800076c        0xe CMakeFiles/STM32_NUCLEO-G474RE_Demo.dir/Core/Src/stm32g4xx_it.c.obj
                0x0800076c                PendSV_Handler
 .text.SysTick_Handler
                0x0800077a        0xc CMakeFiles/STM32_NUCLEO-G474RE_Demo.dir/Core/Src/stm32g4xx_it.c.obj
                0x0800077a                SysTick_Handler
 *fill*         0x08000786        0x2 
 .text.EXTI15_10_IRQHandler
                0x08000788       0x48 CMakeFiles/STM32_NUCLEO-G474RE_Demo.dir/Core/Src/stm32g4xx_it.c.obj
                0x08000788                EXTI15_10_IRQHandler
 .text.HAL_MspInit
                0x080007d0       0x48 CMakeFiles/STM32_NUCLEO-G474RE_Demo.dir/Core/Src/stm32g4xx_hal_msp.c.obj
                0x080007d0                HAL_MspInit
 .text.BSP_LED_Init
                0x08000818       0x6c CMakeFiles/STM32_NUCLEO-G474RE_Demo.dir/Drivers/BSP/STM32G4xx_Nucleo/stm32g4xx_nucleo.c.obj
                0x08000818                BSP_LED_Init
 .text.BSP_PB_Init
                0x08000884       0xdc CMakeFiles/STM32_NUCLEO-G474RE_Demo.dir/Drivers/BSP/STM32G4xx_Nucleo/stm32g4xx_nucleo.c.obj
                0x08000884                BSP_PB_Init
 .text.BSP_PB_Callback
                0x08000960       0x16 CMakeFiles/STM32_NUCLEO-G474RE_Demo.dir/Drivers/BSP/STM32G4xx_Nucleo/stm32g4xx_nucleo.c.obj
                0x08000960                BSP_PB_Callback
 *fill*         0x08000976        0x2 
 .text.BSP_COM_Init
                0x08000978       0x60 CMakeFiles/STM32_NUCLEO-G474RE_Demo.dir/Drivers/BSP/STM32G4xx_Nucleo/stm32g4xx_nucleo.c.obj
                0x08000978                BSP_COM_Init
 .text.MX_LPUART1_Init
                0x080009d8       0x64 CMakeFiles/STM32_NUCLEO-G474RE_Demo.dir/Drivers/BSP/STM32G4xx_Nucleo/stm32g4xx_nucleo.c.obj
                0x080009d8                MX_LPUART1_Init
 .text.BUTTON_USER_EXTI_Callback
                0x08000a3c        0xe CMakeFiles/STM32_NUCLEO-G474RE_Demo.dir/Drivers/BSP/STM32G4xx_Nucleo/stm32g4xx_nucleo.c.obj
 *fill*         0x08000a4a        0x2 
 .text.COM1_MspInit
                0x08000a4c       0x98 CMakeFiles/STM32_NUCLEO-G474RE_Demo.dir/Drivers/BSP/STM32G4xx_Nucleo/stm32g4xx_nucleo.c.obj
 .text.HAL_Init
                0x08000ae4       0x30 CMakeFiles/STM32_NUCLEO-G474RE_Demo.dir/Drivers/STM32G4xx_HAL_Driver/Src/stm32g4xx_hal.c.obj
                0x08000ae4                HAL_Init
 .text.HAL_InitTick
                0x08000b14       0x74 CMakeFiles/STM32_NUCLEO-G474RE_Demo.dir/Drivers/STM32G4xx_HAL_Driver/Src/stm32g4xx_hal.c.obj
                0x08000b14                HAL_InitTick
 .text.HAL_IncTick
                0x08000b88       0x24 CMakeFiles/STM32_NUCLEO-G474RE_Demo.dir/Drivers/STM32G4xx_HAL_Driver/Src/stm32g4xx_hal.c.obj
                0x08000b88                HAL_IncTick
 .text.HAL_GetTick
                0x08000bac       0x18 CMakeFiles/STM32_NUCLEO-G474RE_Demo.dir/Drivers/STM32G4xx_HAL_Driver/Src/stm32g4xx_hal.c.obj
                0x08000bac                HAL_GetTick
 .text.HAL_Delay
                0x08000bc4       0x44 CMakeFiles/STM32_NUCLEO-G474RE_Demo.dir/Drivers/STM32G4xx_HAL_Driver/Src/stm32g4xx_hal.c.obj
                0x08000bc4                HAL_Delay
 .text.HAL_RCC_OscConfig
                0x08000c08      0x624 CMakeFiles/STM32_NUCLEO-G474RE_Demo.dir/Drivers/STM32G4xx_HAL_Driver/Src/stm32g4xx_hal_rcc.c.obj
                0x08000c08                HAL_RCC_OscConfig
 .text.HAL_RCC_ClockConfig
                0x0800122c      0x278 CMakeFiles/STM32_NUCLEO-G474RE_Demo.dir/Drivers/STM32G4xx_HAL_Driver/Src/stm32g4xx_hal_rcc.c.obj
                0x0800122c                HAL_RCC_ClockConfig
 .text.HAL_RCC_GetSysClockFreq
                0x080014a4       0xc4 CMakeFiles/STM32_NUCLEO-G474RE_Demo.dir/Drivers/STM32G4xx_HAL_Driver/Src/stm32g4xx_hal_rcc.c.obj
                0x080014a4                HAL_RCC_GetSysClockFreq
 .text.HAL_RCC_GetHCLKFreq
                0x08001568       0x18 CMakeFiles/STM32_NUCLEO-G474RE_Demo.dir/Drivers/STM32G4xx_HAL_Driver/Src/stm32g4xx_hal_rcc.c.obj
                0x08001568                HAL_RCC_GetHCLKFreq
 .text.HAL_RCC_GetPCLK1Freq
                0x08001580       0x2c CMakeFiles/STM32_NUCLEO-G474RE_Demo.dir/Drivers/STM32G4xx_HAL_Driver/Src/stm32g4xx_hal_rcc.c.obj
                0x08001580                HAL_RCC_GetPCLK1Freq
 .text.HAL_RCC_GetPCLK2Freq
                0x080015ac       0x2c CMakeFiles/STM32_NUCLEO-G474RE_Demo.dir/Drivers/STM32G4xx_HAL_Driver/Src/stm32g4xx_hal_rcc.c.obj
                0x080015ac                HAL_RCC_GetPCLK2Freq
 .text.RCC_GetSysClockFreqFromPLLSource
                0x080015d8       0x8c CMakeFiles/STM32_NUCLEO-G474RE_Demo.dir/Drivers/STM32G4xx_HAL_Driver/Src/stm32g4xx_hal_rcc.c.obj
 .text.HAL_GPIO_Init
                0x08001664      0x304 CMakeFiles/STM32_NUCLEO-G474RE_Demo.dir/Drivers/STM32G4xx_HAL_Driver/Src/stm32g4xx_hal_gpio.c.obj
                0x08001664                HAL_GPIO_Init
 .text.HAL_GPIO_WritePin
                0x08001968       0x30 CMakeFiles/STM32_NUCLEO-G474RE_Demo.dir/Drivers/STM32G4xx_HAL_Driver/Src/stm32g4xx_hal_gpio.c.obj
                0x08001968                HAL_GPIO_WritePin
 .text.HAL_GPIO_TogglePin
                0x08001998       0x34 CMakeFiles/STM32_NUCLEO-G474RE_Demo.dir/Drivers/STM32G4xx_HAL_Driver/Src/stm32g4xx_hal_gpio.c.obj
                0x08001998                HAL_GPIO_TogglePin
 .text.HAL_EXTI_RegisterCallback
                0x080019cc       0x3a CMakeFiles/STM32_NUCLEO-G474RE_Demo.dir/Drivers/STM32G4xx_HAL_Driver/Src/stm32g4xx_hal_exti.c.obj
                0x080019cc                HAL_EXTI_RegisterCallback
 .text.HAL_EXTI_GetHandle
                0x08001a06       0x28 CMakeFiles/STM32_NUCLEO-G474RE_Demo.dir/Drivers/STM32G4xx_HAL_Driver/Src/stm32g4xx_hal_exti.c.obj
                0x08001a06                HAL_EXTI_GetHandle
 *fill*         0x08001a2e        0x2 
 .text.HAL_PWREx_ControlVoltageScaling
                0x08001a30      0x148 CMakeFiles/STM32_NUCLEO-G474RE_Demo.dir/Drivers/STM32G4xx_HAL_Driver/Src/stm32g4xx_hal_pwr_ex.c.obj
                0x08001a30                HAL_PWREx_ControlVoltageScaling
 .text.HAL_PWREx_DisableUCPDDeadBattery
                0x08001b78       0x20 CMakeFiles/STM32_NUCLEO-G474RE_Demo.dir/Drivers/STM32G4xx_HAL_Driver/Src/stm32g4xx_hal_pwr_ex.c.obj
                0x08001b78                HAL_PWREx_DisableUCPDDeadBattery
 .text.__NVIC_SetPriorityGrouping
                0x08001b98       0x48 CMakeFiles/STM32_NUCLEO-G474RE_Demo.dir/Drivers/STM32G4xx_HAL_Driver/Src/stm32g4xx_hal_cortex.c.obj
 .text.__NVIC_GetPriorityGrouping
                0x08001be0       0x1c CMakeFiles/STM32_NUCLEO-G474RE_Demo.dir/Drivers/STM32G4xx_HAL_Driver/Src/stm32g4xx_hal_cortex.c.obj
 .text.__NVIC_EnableIRQ
                0x08001bfc       0x3c CMakeFiles/STM32_NUCLEO-G474RE_Demo.dir/Drivers/STM32G4xx_HAL_Driver/Src/stm32g4xx_hal_cortex.c.obj
 .text.__NVIC_SetPriority
                0x08001c38       0x54 CMakeFiles/STM32_NUCLEO-G474RE_Demo.dir/Drivers/STM32G4xx_HAL_Driver/Src/stm32g4xx_hal_cortex.c.obj
 .text.NVIC_EncodePriority
                0x08001c8c       0x66 CMakeFiles/STM32_NUCLEO-G474RE_Demo.dir/Drivers/STM32G4xx_HAL_Driver/Src/stm32g4xx_hal_cortex.c.obj
 *fill*         0x08001cf2        0x2 
 .text.SysTick_Config
                0x08001cf4       0x44 CMakeFiles/STM32_NUCLEO-G474RE_Demo.dir/Drivers/STM32G4xx_HAL_Driver/Src/stm32g4xx_hal_cortex.c.obj
 .text.HAL_NVIC_SetPriorityGrouping
                0x08001d38       0x16 CMakeFiles/STM32_NUCLEO-G474RE_Demo.dir/Drivers/STM32G4xx_HAL_Driver/Src/stm32g4xx_hal_cortex.c.obj
                0x08001d38                HAL_NVIC_SetPriorityGrouping
 .text.HAL_NVIC_SetPriority
                0x08001d4e       0x34 CMakeFiles/STM32_NUCLEO-G474RE_Demo.dir/Drivers/STM32G4xx_HAL_Driver/Src/stm32g4xx_hal_cortex.c.obj
                0x08001d4e                HAL_NVIC_SetPriority
 .text.HAL_NVIC_EnableIRQ
                0x08001d82       0x1c CMakeFiles/STM32_NUCLEO-G474RE_Demo.dir/Drivers/STM32G4xx_HAL_Driver/Src/stm32g4xx_hal_cortex.c.obj
                0x08001d82                HAL_NVIC_EnableIRQ
 .text.HAL_SYSTICK_Config
                0x08001d9e       0x18 CMakeFiles/STM32_NUCLEO-G474RE_Demo.dir/Drivers/STM32G4xx_HAL_Driver/Src/stm32g4xx_hal_cortex.c.obj
                0x08001d9e                HAL_SYSTICK_Config
 .text.HAL_UART_Init
                0x08001db6       0xa0 CMakeFiles/STM32_NUCLEO-G474RE_Demo.dir/Drivers/STM32G4xx_HAL_Driver/Src/stm32g4xx_hal_uart.c.obj
                0x08001db6                HAL_UART_Init
 .text.HAL_UART_MspInit
                0x08001e56       0x14 CMakeFiles/STM32_NUCLEO-G474RE_Demo.dir/Drivers/STM32G4xx_HAL_Driver/Src/stm32g4xx_hal_uart.c.obj
                0x08001e56                HAL_UART_MspInit
 *fill*         0x08001e6a        0x2 
 .text.UART_SetConfig
                0x08001e6c      0x5f8 CMakeFiles/STM32_NUCLEO-G474RE_Demo.dir/Drivers/STM32G4xx_HAL_Driver/Src/stm32g4xx_hal_uart.c.obj
                0x08001e6c                UART_SetConfig
 .text.UART_AdvFeatureConfig
                0x08002464      0x144 CMakeFiles/STM32_NUCLEO-G474RE_Demo.dir/Drivers/STM32G4xx_HAL_Driver/Src/stm32g4xx_hal_uart.c.obj
                0x08002464                UART_AdvFeatureConfig
 .text.UART_CheckIdleState
                0x080025a8      0x154 CMakeFiles/STM32_NUCLEO-G474RE_Demo.dir/Drivers/STM32G4xx_HAL_Driver/Src/stm32g4xx_hal_uart.c.obj
                0x080025a8                UART_CheckIdleState
 .text.UART_WaitOnFlagUntilTimeout
                0x080026fc       0xda CMakeFiles/STM32_NUCLEO-G474RE_Demo.dir/Drivers/STM32G4xx_HAL_Driver/Src/stm32g4xx_hal_uart.c.obj
                0x080026fc                UART_WaitOnFlagUntilTimeout
 .text.UART_EndRxTransfer
                0x080027d6       0xcc CMakeFiles/STM32_NUCLEO-G474RE_Demo.dir/Drivers/STM32G4xx_HAL_Driver/Src/stm32g4xx_hal_uart.c.obj
 *fill*         0x080028a2        0x2 
 .text.SystemInit
                0x080028a4       0x24 CMakeFiles/STM32_NUCLEO-G474RE_Demo.dir/Core/Src/system_stm32g4xx.c.obj
                0x080028a4                SystemInit
 .text.Reset_Handler
                0x080028c8       0x50 CMakeFiles/STM32_NUCLEO-G474RE_Demo.dir/startup_stm32g474xx.s.obj
                0x080028c8                Reset_Handler
 .text.Default_Handler
                0x08002918        0x2 CMakeFiles/STM32_NUCLEO-G474RE_Demo.dir/startup_stm32g474xx.s.obj
                0x08002918                RTC_Alarm_IRQHandler
                0x08002918                EXTI2_IRQHandler
                0x08002918                TIM8_TRG_COM_IRQHandler
                0x08002918                TIM8_CC_IRQHandler
                0x08002918                HRTIM1_Master_IRQHandler
                0x08002918                SPI4_IRQHandler
                0x08002918                FDCAN3_IT0_IRQHandler
                0x08002918                TIM1_CC_IRQHandler
                0x08002918                HRTIM1_FLT_IRQHandler
                0x08002918                HRTIM1_TIMF_IRQHandler
                0x08002918                USB_HP_IRQHandler
                0x08002918                CORDIC_IRQHandler
                0x08002918                HRTIM1_TIMD_IRQHandler
                0x08002918                DMA2_Channel8_IRQHandler
                0x08002918                EXTI3_IRQHandler
                0x08002918                I2C3_ER_IRQHandler
                0x08002918                EXTI0_IRQHandler
                0x08002918                I2C2_EV_IRQHandler
                0x08002918                FPU_IRQHandler
                0x08002918                FDCAN1_IT1_IRQHandler
                0x08002918                TIM1_UP_TIM16_IRQHandler
                0x08002918                ADC1_2_IRQHandler
                0x08002918                HRTIM1_TIME_IRQHandler
                0x08002918                SPI1_IRQHandler
                0x08002918                TIM6_DAC_IRQHandler
                0x08002918                HRTIM1_TIMC_IRQHandler
                0x08002918                TIM8_UP_IRQHandler
                0x08002918                DMA2_Channel2_IRQHandler
                0x08002918                DMA1_Channel4_IRQHandler
                0x08002918                TIM20_TRG_COM_IRQHandler
                0x08002918                USART3_IRQHandler
                0x08002918                DMA1_Channel7_IRQHandler
                0x08002918                UART5_IRQHandler
                0x08002918                ADC3_IRQHandler
                0x08002918                TIM4_IRQHandler
                0x08002918                DMA2_Channel1_IRQHandler
                0x08002918                QUADSPI_IRQHandler
                0x08002918                I2C1_EV_IRQHandler
                0x08002918                DMA1_Channel6_IRQHandler
                0x08002918                UART4_IRQHandler
                0x08002918                DMA2_Channel4_IRQHandler
                0x08002918                TIM3_IRQHandler
                0x08002918                RCC_IRQHandler
                0x08002918                TIM20_UP_IRQHandler
                0x08002918                DMA1_Channel1_IRQHandler
                0x08002918                Default_Handler
                0x08002918                DMA2_Channel7_IRQHandler
                0x08002918                RTC_TAMP_LSECSS_IRQHandler
                0x08002918                FMAC_IRQHandler
                0x08002918                DMA1_Channel8_IRQHandler
                0x08002918                HRTIM1_TIMA_IRQHandler
                0x08002918                TIM7_DAC_IRQHandler
                0x08002918                FDCAN3_IT1_IRQHandler
                0x08002918                TIM5_IRQHandler
                0x08002918                UCPD1_IRQHandler
                0x08002918                I2C3_EV_IRQHandler
                0x08002918                EXTI9_5_IRQHandler
                0x08002918                RTC_WKUP_IRQHandler
                0x08002918                PVD_PVM_IRQHandler
                0x08002918                SPI2_IRQHandler
                0x08002918                ADC5_IRQHandler
                0x08002918                DMA2_Channel5_IRQHandler
                0x08002918                CRS_IRQHandler
                0x08002918                DMA1_Channel5_IRQHandler
                0x08002918                USB_LP_IRQHandler
                0x08002918                EXTI4_IRQHandler
                0x08002918                RNG_IRQHandler
                0x08002918                HRTIM1_TIMB_IRQHandler
                0x08002918                TIM1_TRG_COM_TIM17_IRQHandler
                0x08002918                FDCAN2_IT1_IRQHandler
                0x08002918                DMA1_Channel3_IRQHandler
                0x08002918                ADC4_IRQHandler
                0x08002918                WWDG_IRQHandler
                0x08002918                I2C4_EV_IRQHandler
                0x08002918                FDCAN2_IT0_IRQHandler
                0x08002918                LPUART1_IRQHandler
                0x08002918                DMA2_Channel6_IRQHandler
                0x08002918                FDCAN1_IT0_IRQHandler
                0x08002918                TIM2_IRQHandler
                0x08002918                COMP7_IRQHandler
                0x08002918                COMP1_2_3_IRQHandler
                0x08002918                EXTI1_IRQHandler
                0x08002918                USART2_IRQHandler
                0x08002918                COMP4_5_6_IRQHandler
                0x08002918                TIM20_BRK_IRQHandler
                0x08002918                I2C2_ER_IRQHandler
                0x08002918                DMA1_Channel2_IRQHandler
                0x08002918                TIM8_BRK_IRQHandler
                0x08002918                FLASH_IRQHandler
                0x08002918                TIM20_CC_IRQHandler
                0x08002918                USART1_IRQHandler
                0x08002918                SPI3_IRQHandler
                0x08002918                I2C1_ER_IRQHandler
                0x08002918                FMC_IRQHandler
                0x08002918                LPTIM1_IRQHandler
                0x08002918                DMAMUX_OVR_IRQHandler
                0x08002918                I2C4_ER_IRQHandler
                0x08002918                USBWakeUp_IRQHandler
                0x08002918                SAI1_IRQHandler
                0x08002918                DMA2_Channel3_IRQHandler
                0x08002918                TIM1_BRK_TIM15_IRQHandler
 *(.glue_7)
 .glue_7        0x0800291a        0x0 linker stubs
 *(.glue_7t)
 .glue_7t       0x0800291a        0x0 linker stubs
 *(.eh_frame)
 *fill*         0x0800291a        0x2 
 .eh_frame      0x0800291c        0x0 C:/Program Files/STMicroelectronics/STM32CubeCLT_1.16.0/GNU-tools-for-STM32/bin/../lib/gcc/arm-none-eabi/12.3.1/thumb/v7e-m+fp/hard/crtbegin.o
 *(.init)
 .init          0x0800291c        0x4 C:/Program Files/STMicroelectronics/STM32CubeCLT_1.16.0/GNU-tools-for-STM32/bin/../lib/gcc/arm-none-eabi/12.3.1/thumb/v7e-m+fp/hard/crti.o
                0x0800291c                _init
 .init          0x08002920        0x8 C:/Program Files/STMicroelectronics/STM32CubeCLT_1.16.0/GNU-tools-for-STM32/bin/../lib/gcc/arm-none-eabi/12.3.1/thumb/v7e-m+fp/hard/crtn.o
 *(.fini)
 .fini          0x08002928        0x4 C:/Program Files/STMicroelectronics/STM32CubeCLT_1.16.0/GNU-tools-for-STM32/bin/../lib/gcc/arm-none-eabi/12.3.1/thumb/v7e-m+fp/hard/crti.o
                0x08002928                _fini
 .fini          0x0800292c        0x8 C:/Program Files/STMicroelectronics/STM32CubeCLT_1.16.0/GNU-tools-for-STM32/bin/../lib/gcc/arm-none-eabi/12.3.1/thumb/v7e-m+fp/hard/crtn.o
                0x08002934                        . = ALIGN (0x4)
                0x08002934                        _etext = .

.vfp11_veneer   0x08002934        0x0
 .vfp11_veneer  0x08002934        0x0 linker stubs

.v4_bx          0x08002934        0x0
 .v4_bx         0x08002934        0x0 linker stubs

.iplt           0x08002934        0x0
 .iplt          0x08002934        0x0 C:/Program Files/STMicroelectronics/STM32CubeCLT_1.16.0/GNU-tools-for-STM32/bin/../lib/gcc/arm-none-eabi/12.3.1/thumb/v7e-m+fp/hard/crtbegin.o

.rodata         0x08002934       0x34
                0x08002934                        . = ALIGN (0x4)
 *(.rodata)
 *(.rodata*)
 .rodata.BUTTON_EXTI_LINE.2
                0x08002934        0x4 CMakeFiles/STM32_NUCLEO-G474RE_Demo.dir/Drivers/BSP/STM32G4xx_Nucleo/stm32g4xx_nucleo.c.obj
 .rodata.UARTPrescTable
                0x08002938       0x18 CMakeFiles/STM32_NUCLEO-G474RE_Demo.dir/Drivers/STM32G4xx_HAL_Driver/Src/stm32g4xx_hal_uart.c.obj
                0x08002938                UARTPrescTable
 .rodata.AHBPrescTable
                0x08002950       0x10 CMakeFiles/STM32_NUCLEO-G474RE_Demo.dir/Core/Src/system_stm32g4xx.c.obj
                0x08002950                AHBPrescTable
 .rodata.APBPrescTable
                0x08002960        0x8 CMakeFiles/STM32_NUCLEO-G474RE_Demo.dir/Core/Src/system_stm32g4xx.c.obj
                0x08002960                APBPrescTable
                0x08002968                        . = ALIGN (0x4)

.ARM.extab
 *(.ARM.extab* .gnu.linkonce.armextab.*)

.ARM            0x08002968        0x8
                0x08002968                        __exidx_start = .
 *(.ARM.exidx*)
 .ARM.exidx     0x08002968        0x8 C:/Program Files/STMicroelectronics/STM32CubeCLT_1.16.0/GNU-tools-for-STM32/bin/../lib/gcc/arm-none-eabi/12.3.1/thumb/v7e-m+fp/hard\libgcc.a(_udivmoddi4.o)
                0x08002970                        __exidx_end = .

.rel.dyn        0x08002970        0x0
 .rel.iplt      0x08002970        0x0 C:/Program Files/STMicroelectronics/STM32CubeCLT_1.16.0/GNU-tools-for-STM32/bin/../lib/gcc/arm-none-eabi/12.3.1/thumb/v7e-m+fp/hard/crtbegin.o

.preinit_array  0x08002970        0x0
                0x08002970                        PROVIDE (__preinit_array_start = .)
 *(.preinit_array*)
                0x08002970                        PROVIDE (__preinit_array_end = .)

.init_array     0x08002970        0x4
                0x08002970                        PROVIDE (__init_array_start = .)
 *(SORT_BY_NAME(.init_array.*))
 *(.init_array*)
 .init_array    0x08002970        0x4 C:/Program Files/STMicroelectronics/STM32CubeCLT_1.16.0/GNU-tools-for-STM32/bin/../lib/gcc/arm-none-eabi/12.3.1/thumb/v7e-m+fp/hard/crtbegin.o
                0x08002974                        PROVIDE (__init_array_end = .)

.fini_array     0x08002974        0x4
                [!provide]                        PROVIDE (__fini_array_start = .)
 *(SORT_BY_NAME(.fini_array.*))
 *(.fini_array*)
 .fini_array    0x08002974        0x4 C:/Program Files/STMicroelectronics/STM32CubeCLT_1.16.0/GNU-tools-for-STM32/bin/../lib/gcc/arm-none-eabi/12.3.1/thumb/v7e-m+fp/hard/crtbegin.o
                [!provide]                        PROVIDE (__fini_array_end = .)
                0x08002978                        _sidata = LOADADDR (.data)

.data           0x20000000       0x20 load address 0x08002978
                0x20000000                        . = ALIGN (0x4)
                0x20000000                        _sdata = .
 *(.data)
 *(.data*)
 .data.LED_PORT
                0x20000000        0x4 CMakeFiles/STM32_NUCLEO-G474RE_Demo.dir/Drivers/BSP/STM32G4xx_Nucleo/stm32g4xx_nucleo.c.obj
 .data.BUTTON_PORT
                0x20000004        0x4 CMakeFiles/STM32_NUCLEO-G474RE_Demo.dir/Drivers/BSP/STM32G4xx_Nucleo/stm32g4xx_nucleo.c.obj
 .data.COM_USART
                0x20000008        0x4 CMakeFiles/STM32_NUCLEO-G474RE_Demo.dir/Drivers/BSP/STM32G4xx_Nucleo/stm32g4xx_nucleo.c.obj
 .data.ButtonCallback.1
                0x2000000c        0x4 CMakeFiles/STM32_NUCLEO-G474RE_Demo.dir/Drivers/BSP/STM32G4xx_Nucleo/stm32g4xx_nucleo.c.obj
 .data.BSP_BUTTON_PRIO.0
                0x20000010        0x4 CMakeFiles/STM32_NUCLEO-G474RE_Demo.dir/Drivers/BSP/STM32G4xx_Nucleo/stm32g4xx_nucleo.c.obj
 .data.uwTickPrio
                0x20000014        0x4 CMakeFiles/STM32_NUCLEO-G474RE_Demo.dir/Drivers/STM32G4xx_HAL_Driver/Src/stm32g4xx_hal.c.obj
                0x20000014                uwTickPrio
 .data.uwTickFreq
                0x20000018        0x4 CMakeFiles/STM32_NUCLEO-G474RE_Demo.dir/Drivers/STM32G4xx_HAL_Driver/Src/stm32g4xx_hal.c.obj
                0x20000018                uwTickFreq
 .data.SystemCoreClock
                0x2000001c        0x4 CMakeFiles/STM32_NUCLEO-G474RE_Demo.dir/Core/Src/system_stm32g4xx.c.obj
                0x2000001c                SystemCoreClock
                0x20000020                        . = ALIGN (0x4)
                0x20000020                        _edata = .

.igot.plt       0x20000020        0x0 load address 0x08002998
 .igot.plt      0x20000020        0x0 C:/Program Files/STMicroelectronics/STM32CubeCLT_1.16.0/GNU-tools-for-STM32/bin/../lib/gcc/arm-none-eabi/12.3.1/thumb/v7e-m+fp/hard/crtbegin.o
                0x20000020                        . = ALIGN (0x4)

.bss            0x20000020       0xcc load address 0x08002998
                0x20000020                        _sbss = .
                0x20000020                        __bss_start__ = _sbss
 *(.bss)
 .bss           0x20000020       0x1c C:/Program Files/STMicroelectronics/STM32CubeCLT_1.16.0/GNU-tools-for-STM32/bin/../lib/gcc/arm-none-eabi/12.3.1/thumb/v7e-m+fp/hard/crtbegin.o
 *(.bss*)
 .bss.BspCOMInit
                0x2000003c       0x10 CMakeFiles/STM32_NUCLEO-G474RE_Demo.dir/Core/Src/main.c.obj
                0x2000003c                BspCOMInit
 .bss.hpb_exti  0x2000004c        0x8 CMakeFiles/STM32_NUCLEO-G474RE_Demo.dir/Drivers/BSP/STM32G4xx_Nucleo/stm32g4xx_nucleo.c.obj
                0x2000004c                hpb_exti
 .bss.hcom_uart
                0x20000054       0x94 CMakeFiles/STM32_NUCLEO-G474RE_Demo.dir/Drivers/BSP/STM32G4xx_Nucleo/stm32g4xx_nucleo.c.obj
                0x20000054                hcom_uart
 .bss.uwTick    0x200000e8        0x4 CMakeFiles/STM32_NUCLEO-G474RE_Demo.dir/Drivers/STM32G4xx_HAL_Driver/Src/stm32g4xx_hal.c.obj
                0x200000e8                uwTick
 *(COMMON)
                0x200000ec                        . = ALIGN (0x4)
                0x200000ec                        _ebss = .
                0x200000ec                        __bss_end__ = _ebss

._user_heap_stack
                0x200000ec      0x604 load address 0x08002998
                0x200000f0                        . = ALIGN (0x8)
 *fill*         0x200000ec        0x4 
                [!provide]                        PROVIDE (end = .)
                0x200000f0                        PROVIDE (_end = .)
                0x200002f0                        . = (. + _Min_Heap_Size)
 *fill*         0x200000f0      0x200 
                0x200006f0                        . = (. + _Min_Stack_Size)
 *fill*         0x200002f0      0x400 
                0x200006f0                        . = ALIGN (0x8)

/DISCARD/
 libc.a(*)
 libm.a(*)
 libgcc.a(*)

.ARM.attributes
                0x00000000       0x30
 *(.ARM.attributes)
 .ARM.attributes
                0x00000000       0x22 C:/Program Files/STMicroelectronics/STM32CubeCLT_1.16.0/GNU-tools-for-STM32/bin/../lib/gcc/arm-none-eabi/12.3.1/thumb/v7e-m+fp/hard/crti.o
 .ARM.attributes
                0x00000022       0x34 C:/Program Files/STMicroelectronics/STM32CubeCLT_1.16.0/GNU-tools-for-STM32/bin/../lib/gcc/arm-none-eabi/12.3.1/thumb/v7e-m+fp/hard/crtbegin.o
 .ARM.attributes
                0x00000056       0x34 C:/Program Files/STMicroelectronics/STM32CubeCLT_1.16.0/GNU-tools-for-STM32/bin/../lib/gcc/arm-none-eabi/12.3.1/../../../../arm-none-eabi/lib/thumb/v7e-m+fp/hard\libc_nano.a(libc_a-memset.o)
 .ARM.attributes
                0x0000008a       0x34 C:/Program Files/STMicroelectronics/STM32CubeCLT_1.16.0/GNU-tools-for-STM32/bin/../lib/gcc/arm-none-eabi/12.3.1/../../../../arm-none-eabi/lib/thumb/v7e-m+fp/hard\libc_nano.a(libc_a-init.o)
 .ARM.attributes
                0x000000be       0x34 CMakeFiles/STM32_NUCLEO-G474RE_Demo.dir/Core/Src/main.c.obj
 .ARM.attributes
                0x000000f2       0x34 CMakeFiles/STM32_NUCLEO-G474RE_Demo.dir/Core/Src/gpio.c.obj
 .ARM.attributes
                0x00000126       0x34 CMakeFiles/STM32_NUCLEO-G474RE_Demo.dir/Core/Src/stm32g4xx_it.c.obj
 .ARM.attributes
                0x0000015a       0x34 CMakeFiles/STM32_NUCLEO-G474RE_Demo.dir/Core/Src/stm32g4xx_hal_msp.c.obj
 .ARM.attributes
                0x0000018e       0x34 CMakeFiles/STM32_NUCLEO-G474RE_Demo.dir/Drivers/BSP/STM32G4xx_Nucleo/stm32g4xx_nucleo.c.obj
 .ARM.attributes
                0x000001c2       0x34 CMakeFiles/STM32_NUCLEO-G474RE_Demo.dir/Drivers/STM32G4xx_HAL_Driver/Src/stm32g4xx_hal.c.obj
 .ARM.attributes
                0x000001f6       0x34 CMakeFiles/STM32_NUCLEO-G474RE_Demo.dir/Drivers/STM32G4xx_HAL_Driver/Src/stm32g4xx_hal_rcc.c.obj
 .ARM.attributes
                0x0000022a       0x34 CMakeFiles/STM32_NUCLEO-G474RE_Demo.dir/Drivers/STM32G4xx_HAL_Driver/Src/stm32g4xx_hal_gpio.c.obj
 .ARM.attributes
                0x0000025e       0x34 CMakeFiles/STM32_NUCLEO-G474RE_Demo.dir/Drivers/STM32G4xx_HAL_Driver/Src/stm32g4xx_hal_exti.c.obj
 .ARM.attributes
                0x00000292       0x34 CMakeFiles/STM32_NUCLEO-G474RE_Demo.dir/Drivers/STM32G4xx_HAL_Driver/Src/stm32g4xx_hal_pwr_ex.c.obj
 .ARM.attributes
                0x000002c6       0x34 CMakeFiles/STM32_NUCLEO-G474RE_Demo.dir/Drivers/STM32G4xx_HAL_Driver/Src/stm32g4xx_hal_cortex.c.obj
 .ARM.attributes
                0x000002fa       0x34 CMakeFiles/STM32_NUCLEO-G474RE_Demo.dir/Drivers/STM32G4xx_HAL_Driver/Src/stm32g4xx_hal_uart.c.obj
 .ARM.attributes
                0x0000032e       0x34 CMakeFiles/STM32_NUCLEO-G474RE_Demo.dir/Core/Src/system_stm32g4xx.c.obj
 .ARM.attributes
                0x00000362       0x21 CMakeFiles/STM32_NUCLEO-G474RE_Demo.dir/startup_stm32g474xx.s.obj
 .ARM.attributes
                0x00000383       0x22 C:/Program Files/STMicroelectronics/STM32CubeCLT_1.16.0/GNU-tools-for-STM32/bin/../lib/gcc/arm-none-eabi/12.3.1/thumb/v7e-m+fp/hard\libgcc.a(_aeabi_uldivmod.o)
 .ARM.attributes
                0x000003a5       0x34 C:/Program Files/STMicroelectronics/STM32CubeCLT_1.16.0/GNU-tools-for-STM32/bin/../lib/gcc/arm-none-eabi/12.3.1/thumb/v7e-m+fp/hard\libgcc.a(_udivmoddi4.o)
 .ARM.attributes
                0x000003d9       0x22 C:/Program Files/STMicroelectronics/STM32CubeCLT_1.16.0/GNU-tools-for-STM32/bin/../lib/gcc/arm-none-eabi/12.3.1/thumb/v7e-m+fp/hard\libgcc.a(_dvmd_tls.o)
 .ARM.attributes
                0x000003fb       0x22 C:/Program Files/STMicroelectronics/STM32CubeCLT_1.16.0/GNU-tools-for-STM32/bin/../lib/gcc/arm-none-eabi/12.3.1/thumb/v7e-m+fp/hard/crtn.o
OUTPUT(STM32_NUCLEO-G474RE_Demo.elf elf32-littlearm)
LOAD linker stubs
LOAD C:/Program Files/STMicroelectronics/STM32CubeCLT_1.16.0/GNU-tools-for-STM32/bin/../lib/gcc/arm-none-eabi/12.3.1/../../../../arm-none-eabi/lib/thumb/v7e-m+fp/hard\libc.a
LOAD C:/Program Files/STMicroelectronics/STM32CubeCLT_1.16.0/GNU-tools-for-STM32/bin/../lib/gcc/arm-none-eabi/12.3.1/../../../../arm-none-eabi/lib/thumb/v7e-m+fp/hard\libm.a
LOAD C:/Program Files/STMicroelectronics/STM32CubeCLT_1.16.0/GNU-tools-for-STM32/bin/../lib/gcc/arm-none-eabi/12.3.1/thumb/v7e-m+fp/hard\libgcc.a

.debug_frame    0x00000000     0x248c
 .debug_frame   0x00000000       0x20 C:/Program Files/STMicroelectronics/STM32CubeCLT_1.16.0/GNU-tools-for-STM32/bin/../lib/gcc/arm-none-eabi/12.3.1/../../../../arm-none-eabi/lib/thumb/v7e-m+fp/hard\libc_nano.a(libc_a-memset.o)
 .debug_frame   0x00000020       0x2c C:/Program Files/STMicroelectronics/STM32CubeCLT_1.16.0/GNU-tools-for-STM32/bin/../lib/gcc/arm-none-eabi/12.3.1/../../../../arm-none-eabi/lib/thumb/v7e-m+fp/hard\libc_nano.a(libc_a-init.o)
 .debug_frame   0x0000004c       0x68 CMakeFiles/STM32_NUCLEO-G474RE_Demo.dir/Core/Src/main.c.obj
 .debug_frame   0x000000b4       0x34 CMakeFiles/STM32_NUCLEO-G474RE_Demo.dir/Core/Src/gpio.c.obj
 .debug_frame   0x000000e8      0x128 CMakeFiles/STM32_NUCLEO-G474RE_Demo.dir/Core/Src/stm32g4xx_it.c.obj
 .debug_frame   0x00000210       0x34 CMakeFiles/STM32_NUCLEO-G474RE_Demo.dir/Core/Src/stm32g4xx_hal_msp.c.obj
 .debug_frame   0x00000244      0x31c CMakeFiles/STM32_NUCLEO-G474RE_Demo.dir/Drivers/BSP/STM32G4xx_Nucleo/stm32g4xx_nucleo.c.obj
 .debug_frame   0x00000560      0x500 CMakeFiles/STM32_NUCLEO-G474RE_Demo.dir/Drivers/STM32G4xx_HAL_Driver/Src/stm32g4xx_hal.c.obj
 .debug_frame   0x00000a60      0x23c CMakeFiles/STM32_NUCLEO-G474RE_Demo.dir/Drivers/STM32G4xx_HAL_Driver/Src/stm32g4xx_hal_rcc.c.obj
 .debug_frame   0x00000c9c      0x14c CMakeFiles/STM32_NUCLEO-G474RE_Demo.dir/Drivers/STM32G4xx_HAL_Driver/Src/stm32g4xx_hal_gpio.c.obj
 .debug_frame   0x00000de8      0x174 CMakeFiles/STM32_NUCLEO-G474RE_Demo.dir/Drivers/STM32G4xx_HAL_Driver/Src/stm32g4xx_hal_exti.c.obj
 .debug_frame   0x00000f5c      0x4fc CMakeFiles/STM32_NUCLEO-G474RE_Demo.dir/Drivers/STM32G4xx_HAL_Driver/Src/stm32g4xx_hal_pwr_ex.c.obj
 .debug_frame   0x00001458      0x4e8 CMakeFiles/STM32_NUCLEO-G474RE_Demo.dir/Drivers/STM32G4xx_HAL_Driver/Src/stm32g4xx_hal_cortex.c.obj
 .debug_frame   0x00001940      0xa94 CMakeFiles/STM32_NUCLEO-G474RE_Demo.dir/Drivers/STM32G4xx_HAL_Driver/Src/stm32g4xx_hal_uart.c.obj
 .debug_frame   0x000023d4       0x58 CMakeFiles/STM32_NUCLEO-G474RE_Demo.dir/Core/Src/system_stm32g4xx.c.obj
 .debug_frame   0x0000242c       0x2c C:/Program Files/STMicroelectronics/STM32CubeCLT_1.16.0/GNU-tools-for-STM32/bin/../lib/gcc/arm-none-eabi/12.3.1/thumb/v7e-m+fp/hard\libgcc.a(_aeabi_uldivmod.o)
 .debug_frame   0x00002458       0x34 C:/Program Files/STMicroelectronics/STM32CubeCLT_1.16.0/GNU-tools-for-STM32/bin/../lib/gcc/arm-none-eabi/12.3.1/thumb/v7e-m+fp/hard\libgcc.a(_udivmoddi4.o)

.debug_info     0x00000000     0xb110
 .debug_info    0x00000000      0x510 CMakeFiles/STM32_NUCLEO-G474RE_Demo.dir/Core/Src/main.c.obj
 .debug_info    0x00000510      0x486 CMakeFiles/STM32_NUCLEO-G474RE_Demo.dir/Core/Src/gpio.c.obj
 .debug_info    0x00000996      0x326 CMakeFiles/STM32_NUCLEO-G474RE_Demo.dir/Core/Src/stm32g4xx_it.c.obj
 .debug_info    0x00000cbc      0x2e1 CMakeFiles/STM32_NUCLEO-G474RE_Demo.dir/Core/Src/stm32g4xx_hal_msp.c.obj
 .debug_info    0x00000f9d     0x174a CMakeFiles/STM32_NUCLEO-G474RE_Demo.dir/Drivers/BSP/STM32G4xx_Nucleo/stm32g4xx_nucleo.c.obj
 .debug_info    0x000026e7      0xb95 CMakeFiles/STM32_NUCLEO-G474RE_Demo.dir/Drivers/STM32G4xx_HAL_Driver/Src/stm32g4xx_hal.c.obj
 .debug_info    0x0000327c      0xbe0 CMakeFiles/STM32_NUCLEO-G474RE_Demo.dir/Drivers/STM32G4xx_HAL_Driver/Src/stm32g4xx_hal_rcc.c.obj
 .debug_info    0x00003e5c      0x763 CMakeFiles/STM32_NUCLEO-G474RE_Demo.dir/Drivers/STM32G4xx_HAL_Driver/Src/stm32g4xx_hal_gpio.c.obj
 .debug_info    0x000045bf      0x63d CMakeFiles/STM32_NUCLEO-G474RE_Demo.dir/Drivers/STM32G4xx_HAL_Driver/Src/stm32g4xx_hal_exti.c.obj
 .debug_info    0x00004bfc      0x93f CMakeFiles/STM32_NUCLEO-G474RE_Demo.dir/Drivers/STM32G4xx_HAL_Driver/Src/stm32g4xx_hal_pwr_ex.c.obj
 .debug_info    0x0000553b      0xdf9 CMakeFiles/STM32_NUCLEO-G474RE_Demo.dir/Drivers/STM32G4xx_HAL_Driver/Src/stm32g4xx_hal_cortex.c.obj
 .debug_info    0x00006334     0x481e CMakeFiles/STM32_NUCLEO-G474RE_Demo.dir/Drivers/STM32G4xx_HAL_Driver/Src/stm32g4xx_hal_uart.c.obj
 .debug_info    0x0000ab52      0x58e CMakeFiles/STM32_NUCLEO-G474RE_Demo.dir/Core/Src/system_stm32g4xx.c.obj
 .debug_info    0x0000b0e0       0x30 CMakeFiles/STM32_NUCLEO-G474RE_Demo.dir/startup_stm32g474xx.s.obj

.debug_abbrev   0x00000000     0x1a45
 .debug_abbrev  0x00000000      0x186 CMakeFiles/STM32_NUCLEO-G474RE_Demo.dir/Core/Src/main.c.obj
 .debug_abbrev  0x00000186      0x152 CMakeFiles/STM32_NUCLEO-G474RE_Demo.dir/Core/Src/gpio.c.obj
 .debug_abbrev  0x000002d8      0x162 CMakeFiles/STM32_NUCLEO-G474RE_Demo.dir/Core/Src/stm32g4xx_it.c.obj
 .debug_abbrev  0x0000043a       0xd9 CMakeFiles/STM32_NUCLEO-G474RE_Demo.dir/Core/Src/stm32g4xx_hal_msp.c.obj
 .debug_abbrev  0x00000513      0x2fb CMakeFiles/STM32_NUCLEO-G474RE_Demo.dir/Drivers/BSP/STM32G4xx_Nucleo/stm32g4xx_nucleo.c.obj
 .debug_abbrev  0x0000080e      0x271 CMakeFiles/STM32_NUCLEO-G474RE_Demo.dir/Drivers/STM32G4xx_HAL_Driver/Src/stm32g4xx_hal.c.obj
 .debug_abbrev  0x00000a7f      0x2c9 CMakeFiles/STM32_NUCLEO-G474RE_Demo.dir/Drivers/STM32G4xx_HAL_Driver/Src/stm32g4xx_hal_rcc.c.obj
 .debug_abbrev  0x00000d48      0x1cb CMakeFiles/STM32_NUCLEO-G474RE_Demo.dir/Drivers/STM32G4xx_HAL_Driver/Src/stm32g4xx_hal_gpio.c.obj
 .debug_abbrev  0x00000f13      0x1a8 CMakeFiles/STM32_NUCLEO-G474RE_Demo.dir/Drivers/STM32G4xx_HAL_Driver/Src/stm32g4xx_hal_exti.c.obj
 .debug_abbrev  0x000010bb      0x22c CMakeFiles/STM32_NUCLEO-G474RE_Demo.dir/Drivers/STM32G4xx_HAL_Driver/Src/stm32g4xx_hal_pwr_ex.c.obj
 .debug_abbrev  0x000012e7      0x31c CMakeFiles/STM32_NUCLEO-G474RE_Demo.dir/Drivers/STM32G4xx_HAL_Driver/Src/stm32g4xx_hal_cortex.c.obj
 .debug_abbrev  0x00001603      0x304 CMakeFiles/STM32_NUCLEO-G474RE_Demo.dir/Drivers/STM32G4xx_HAL_Driver/Src/stm32g4xx_hal_uart.c.obj
 .debug_abbrev  0x00001907      0x11a CMakeFiles/STM32_NUCLEO-G474RE_Demo.dir/Core/Src/system_stm32g4xx.c.obj
 .debug_abbrev  0x00001a21       0x24 CMakeFiles/STM32_NUCLEO-G474RE_Demo.dir/startup_stm32g474xx.s.obj

.debug_aranges  0x00000000      0x938
 .debug_aranges
                0x00000000       0x30 CMakeFiles/STM32_NUCLEO-G474RE_Demo.dir/Core/Src/main.c.obj
 .debug_aranges
                0x00000030       0x20 CMakeFiles/STM32_NUCLEO-G474RE_Demo.dir/Core/Src/gpio.c.obj
 .debug_aranges
                0x00000050       0x68 CMakeFiles/STM32_NUCLEO-G474RE_Demo.dir/Core/Src/stm32g4xx_it.c.obj
 .debug_aranges
                0x000000b8       0x20 CMakeFiles/STM32_NUCLEO-G474RE_Demo.dir/Core/Src/stm32g4xx_hal_msp.c.obj
 .debug_aranges
                0x000000d8       0xc8 CMakeFiles/STM32_NUCLEO-G474RE_Demo.dir/Drivers/BSP/STM32G4xx_Nucleo/stm32g4xx_nucleo.c.obj
 .debug_aranges
                0x000001a0      0x148 CMakeFiles/STM32_NUCLEO-G474RE_Demo.dir/Drivers/STM32G4xx_HAL_Driver/Src/stm32g4xx_hal.c.obj
 .debug_aranges
                0x000002e8       0x98 CMakeFiles/STM32_NUCLEO-G474RE_Demo.dir/Drivers/STM32G4xx_HAL_Driver/Src/stm32g4xx_hal_rcc.c.obj
 .debug_aranges
                0x00000380       0x58 CMakeFiles/STM32_NUCLEO-G474RE_Demo.dir/Drivers/STM32G4xx_HAL_Driver/Src/stm32g4xx_hal_gpio.c.obj
 .debug_aranges
                0x000003d8       0x60 CMakeFiles/STM32_NUCLEO-G474RE_Demo.dir/Drivers/STM32G4xx_HAL_Driver/Src/stm32g4xx_hal_exti.c.obj
 .debug_aranges
                0x00000438      0x140 CMakeFiles/STM32_NUCLEO-G474RE_Demo.dir/Drivers/STM32G4xx_HAL_Driver/Src/stm32g4xx_hal_pwr_ex.c.obj
 .debug_aranges
                0x00000578      0x128 CMakeFiles/STM32_NUCLEO-G474RE_Demo.dir/Drivers/STM32G4xx_HAL_Driver/Src/stm32g4xx_hal_cortex.c.obj
 .debug_aranges
                0x000006a0      0x248 CMakeFiles/STM32_NUCLEO-G474RE_Demo.dir/Drivers/STM32G4xx_HAL_Driver/Src/stm32g4xx_hal_uart.c.obj
 .debug_aranges
                0x000008e8       0x28 CMakeFiles/STM32_NUCLEO-G474RE_Demo.dir/Core/Src/system_stm32g4xx.c.obj
 .debug_aranges
                0x00000910       0x28 CMakeFiles/STM32_NUCLEO-G474RE_Demo.dir/startup_stm32g474xx.s.obj

.debug_rnglists
                0x00000000      0x705
 .debug_rnglists
                0x00000000       0x20 CMakeFiles/STM32_NUCLEO-G474RE_Demo.dir/Core/Src/main.c.obj
 .debug_rnglists
                0x00000020       0x14 CMakeFiles/STM32_NUCLEO-G474RE_Demo.dir/Core/Src/gpio.c.obj
 .debug_rnglists
                0x00000034       0x49 CMakeFiles/STM32_NUCLEO-G474RE_Demo.dir/Core/Src/stm32g4xx_it.c.obj
 .debug_rnglists
                0x0000007d       0x13 CMakeFiles/STM32_NUCLEO-G474RE_Demo.dir/Core/Src/stm32g4xx_hal_msp.c.obj
 .debug_rnglists
                0x00000090       0x93 CMakeFiles/STM32_NUCLEO-G474RE_Demo.dir/Drivers/BSP/STM32G4xx_Nucleo/stm32g4xx_nucleo.c.obj
 .debug_rnglists
                0x00000123       0xf1 CMakeFiles/STM32_NUCLEO-G474RE_Demo.dir/Drivers/STM32G4xx_HAL_Driver/Src/stm32g4xx_hal.c.obj
 .debug_rnglists
                0x00000214       0x74 CMakeFiles/STM32_NUCLEO-G474RE_Demo.dir/Drivers/STM32G4xx_HAL_Driver/Src/stm32g4xx_hal_rcc.c.obj
 .debug_rnglists
                0x00000288       0x3f CMakeFiles/STM32_NUCLEO-G474RE_Demo.dir/Drivers/STM32G4xx_HAL_Driver/Src/stm32g4xx_hal_gpio.c.obj
 .debug_rnglists
                0x000002c7       0x46 CMakeFiles/STM32_NUCLEO-G474RE_Demo.dir/Drivers/STM32G4xx_HAL_Driver/Src/stm32g4xx_hal_exti.c.obj
 .debug_rnglists
                0x0000030d       0xf1 CMakeFiles/STM32_NUCLEO-G474RE_Demo.dir/Drivers/STM32G4xx_HAL_Driver/Src/stm32g4xx_hal_pwr_ex.c.obj
 .debug_rnglists
                0x000003fe       0xda CMakeFiles/STM32_NUCLEO-G474RE_Demo.dir/Drivers/STM32G4xx_HAL_Driver/Src/stm32g4xx_hal_cortex.c.obj
 .debug_rnglists
                0x000004d8      0x1fa CMakeFiles/STM32_NUCLEO-G474RE_Demo.dir/Drivers/STM32G4xx_HAL_Driver/Src/stm32g4xx_hal_uart.c.obj
 .debug_rnglists
                0x000006d2       0x1a CMakeFiles/STM32_NUCLEO-G474RE_Demo.dir/Core/Src/system_stm32g4xx.c.obj
 .debug_rnglists
                0x000006ec       0x19 CMakeFiles/STM32_NUCLEO-G474RE_Demo.dir/startup_stm32g474xx.s.obj

.debug_macro    0x00000000    0x24f54
 .debug_macro   0x00000000      0x2c1 CMakeFiles/STM32_NUCLEO-G474RE_Demo.dir/Core/Src/main.c.obj
 .debug_macro   0x000002c1      0xaba CMakeFiles/STM32_NUCLEO-G474RE_Demo.dir/Core/Src/main.c.obj
 .debug_macro   0x00000d7b      0x155 CMakeFiles/STM32_NUCLEO-G474RE_Demo.dir/Core/Src/main.c.obj
 .debug_macro   0x00000ed0       0x2e CMakeFiles/STM32_NUCLEO-G474RE_Demo.dir/Core/Src/main.c.obj
 .debug_macro   0x00000efe       0x28 CMakeFiles/STM32_NUCLEO-G474RE_Demo.dir/Core/Src/main.c.obj
 .debug_macro   0x00000f26       0x22 CMakeFiles/STM32_NUCLEO-G474RE_Demo.dir/Core/Src/main.c.obj
 .debug_macro   0x00000f48       0x8e CMakeFiles/STM32_NUCLEO-G474RE_Demo.dir/Core/Src/main.c.obj
 .debug_macro   0x00000fd6       0x51 CMakeFiles/STM32_NUCLEO-G474RE_Demo.dir/Core/Src/main.c.obj
 .debug_macro   0x00001027      0x103 CMakeFiles/STM32_NUCLEO-G474RE_Demo.dir/Core/Src/main.c.obj
 .debug_macro   0x0000112a       0x6a CMakeFiles/STM32_NUCLEO-G474RE_Demo.dir/Core/Src/main.c.obj
 .debug_macro   0x00001194      0x1df CMakeFiles/STM32_NUCLEO-G474RE_Demo.dir/Core/Src/main.c.obj
 .debug_macro   0x00001373       0x1c CMakeFiles/STM32_NUCLEO-G474RE_Demo.dir/Core/Src/main.c.obj
 .debug_macro   0x0000138f       0x22 CMakeFiles/STM32_NUCLEO-G474RE_Demo.dir/Core/Src/main.c.obj
 .debug_macro   0x000013b1       0xfb CMakeFiles/STM32_NUCLEO-G474RE_Demo.dir/Core/Src/main.c.obj
 .debug_macro   0x000014ac     0x1011 CMakeFiles/STM32_NUCLEO-G474RE_Demo.dir/Core/Src/main.c.obj
 .debug_macro   0x000024bd      0x11f CMakeFiles/STM32_NUCLEO-G474RE_Demo.dir/Core/Src/main.c.obj
 .debug_macro   0x000025dc    0x18b45 CMakeFiles/STM32_NUCLEO-G474RE_Demo.dir/Core/Src/main.c.obj
 .debug_macro   0x0001b121       0x6d CMakeFiles/STM32_NUCLEO-G474RE_Demo.dir/Core/Src/main.c.obj
 .debug_macro   0x0001b18e     0x3551 CMakeFiles/STM32_NUCLEO-G474RE_Demo.dir/Core/Src/main.c.obj
 .debug_macro   0x0001e6df      0x189 CMakeFiles/STM32_NUCLEO-G474RE_Demo.dir/Core/Src/main.c.obj
 .debug_macro   0x0001e868       0x5c CMakeFiles/STM32_NUCLEO-G474RE_Demo.dir/Core/Src/main.c.obj
 .debug_macro   0x0001e8c4     0x171f CMakeFiles/STM32_NUCLEO-G474RE_Demo.dir/Core/Src/main.c.obj
 .debug_macro   0x0001ffe3      0x600 CMakeFiles/STM32_NUCLEO-G474RE_Demo.dir/Core/Src/main.c.obj
 .debug_macro   0x000205e3      0x1b6 CMakeFiles/STM32_NUCLEO-G474RE_Demo.dir/Core/Src/main.c.obj
 .debug_macro   0x00020799      0x34a CMakeFiles/STM32_NUCLEO-G474RE_Demo.dir/Core/Src/main.c.obj
 .debug_macro   0x00020ae3      0x53c CMakeFiles/STM32_NUCLEO-G474RE_Demo.dir/Core/Src/main.c.obj
 .debug_macro   0x0002101f      0x18b CMakeFiles/STM32_NUCLEO-G474RE_Demo.dir/Core/Src/main.c.obj
 .debug_macro   0x000211aa       0x43 CMakeFiles/STM32_NUCLEO-G474RE_Demo.dir/Core/Src/main.c.obj
 .debug_macro   0x000211ed      0x23d CMakeFiles/STM32_NUCLEO-G474RE_Demo.dir/Core/Src/main.c.obj
 .debug_macro   0x0002142a      0x211 CMakeFiles/STM32_NUCLEO-G474RE_Demo.dir/Core/Src/main.c.obj
 .debug_macro   0x0002163b      0x45c CMakeFiles/STM32_NUCLEO-G474RE_Demo.dir/Core/Src/main.c.obj
 .debug_macro   0x00021a97      0x11c CMakeFiles/STM32_NUCLEO-G474RE_Demo.dir/Core/Src/main.c.obj
 .debug_macro   0x00021bb3      0x122 CMakeFiles/STM32_NUCLEO-G474RE_Demo.dir/Core/Src/main.c.obj
 .debug_macro   0x00021cd5      0x3d1 CMakeFiles/STM32_NUCLEO-G474RE_Demo.dir/Core/Src/main.c.obj
 .debug_macro   0x000220a6      0x693 CMakeFiles/STM32_NUCLEO-G474RE_Demo.dir/Core/Src/main.c.obj
 .debug_macro   0x00022739       0xa6 CMakeFiles/STM32_NUCLEO-G474RE_Demo.dir/Core/Src/main.c.obj
 .debug_macro   0x000227df      0x358 CMakeFiles/STM32_NUCLEO-G474RE_Demo.dir/Core/Src/main.c.obj
 .debug_macro   0x00022b37       0x52 CMakeFiles/STM32_NUCLEO-G474RE_Demo.dir/Core/Src/main.c.obj
 .debug_macro   0x00022b89       0x22 CMakeFiles/STM32_NUCLEO-G474RE_Demo.dir/Core/Src/main.c.obj
 .debug_macro   0x00022bab      0x100 CMakeFiles/STM32_NUCLEO-G474RE_Demo.dir/Core/Src/main.c.obj
 .debug_macro   0x00022cab       0x74 CMakeFiles/STM32_NUCLEO-G474RE_Demo.dir/Core/Src/main.c.obj
 .debug_macro   0x00022d1f       0x2a CMakeFiles/STM32_NUCLEO-G474RE_Demo.dir/Core/Src/main.c.obj
 .debug_macro   0x00022d49       0x3c CMakeFiles/STM32_NUCLEO-G474RE_Demo.dir/Core/Src/main.c.obj
 .debug_macro   0x00022d85       0x34 CMakeFiles/STM32_NUCLEO-G474RE_Demo.dir/Core/Src/main.c.obj
 .debug_macro   0x00022db9       0x16 CMakeFiles/STM32_NUCLEO-G474RE_Demo.dir/Core/Src/main.c.obj
 .debug_macro   0x00022dcf       0x35 CMakeFiles/STM32_NUCLEO-G474RE_Demo.dir/Core/Src/main.c.obj
 .debug_macro   0x00022e04      0x369 CMakeFiles/STM32_NUCLEO-G474RE_Demo.dir/Core/Src/main.c.obj
 .debug_macro   0x0002316d       0x10 CMakeFiles/STM32_NUCLEO-G474RE_Demo.dir/Core/Src/main.c.obj
 .debug_macro   0x0002317d       0x16 CMakeFiles/STM32_NUCLEO-G474RE_Demo.dir/Core/Src/main.c.obj
 .debug_macro   0x00023193       0x43 CMakeFiles/STM32_NUCLEO-G474RE_Demo.dir/Core/Src/main.c.obj
 .debug_macro   0x000231d6       0x34 CMakeFiles/STM32_NUCLEO-G474RE_Demo.dir/Core/Src/main.c.obj
 .debug_macro   0x0002320a       0x10 CMakeFiles/STM32_NUCLEO-G474RE_Demo.dir/Core/Src/main.c.obj
 .debug_macro   0x0002321a       0x58 CMakeFiles/STM32_NUCLEO-G474RE_Demo.dir/Core/Src/main.c.obj
 .debug_macro   0x00023272      0x1de CMakeFiles/STM32_NUCLEO-G474RE_Demo.dir/Core/Src/main.c.obj
 .debug_macro   0x00023450       0x16 CMakeFiles/STM32_NUCLEO-G474RE_Demo.dir/Core/Src/main.c.obj
 .debug_macro   0x00023466       0x16 CMakeFiles/STM32_NUCLEO-G474RE_Demo.dir/Core/Src/main.c.obj
 .debug_macro   0x0002347c      0x170 CMakeFiles/STM32_NUCLEO-G474RE_Demo.dir/Core/Src/main.c.obj
 .debug_macro   0x000235ec       0x70 CMakeFiles/STM32_NUCLEO-G474RE_Demo.dir/Core/Src/main.c.obj
 .debug_macro   0x0002365c      0x2bd CMakeFiles/STM32_NUCLEO-G474RE_Demo.dir/Core/Src/gpio.c.obj
 .debug_macro   0x00023919      0x2bd CMakeFiles/STM32_NUCLEO-G474RE_Demo.dir/Core/Src/stm32g4xx_it.c.obj
 .debug_macro   0x00023bd6      0x2b3 CMakeFiles/STM32_NUCLEO-G474RE_Demo.dir/Core/Src/stm32g4xx_hal_msp.c.obj
 .debug_macro   0x00023e89      0x1e7 CMakeFiles/STM32_NUCLEO-G474RE_Demo.dir/Drivers/BSP/STM32G4xx_Nucleo/stm32g4xx_nucleo.c.obj
 .debug_macro   0x00024070       0x1c CMakeFiles/STM32_NUCLEO-G474RE_Demo.dir/Drivers/BSP/STM32G4xx_Nucleo/stm32g4xx_nucleo.c.obj
 .debug_macro   0x0002408c      0x208 CMakeFiles/STM32_NUCLEO-G474RE_Demo.dir/Drivers/STM32G4xx_HAL_Driver/Src/stm32g4xx_hal.c.obj
 .debug_macro   0x00024294      0x1fc CMakeFiles/STM32_NUCLEO-G474RE_Demo.dir/Drivers/STM32G4xx_HAL_Driver/Src/stm32g4xx_hal_rcc.c.obj
 .debug_macro   0x00024490      0x1c1 CMakeFiles/STM32_NUCLEO-G474RE_Demo.dir/Drivers/STM32G4xx_HAL_Driver/Src/stm32g4xx_hal_gpio.c.obj
 .debug_macro   0x00024651      0x1c6 CMakeFiles/STM32_NUCLEO-G474RE_Demo.dir/Drivers/STM32G4xx_HAL_Driver/Src/stm32g4xx_hal_exti.c.obj
 .debug_macro   0x00024817      0x1e4 CMakeFiles/STM32_NUCLEO-G474RE_Demo.dir/Drivers/STM32G4xx_HAL_Driver/Src/stm32g4xx_hal_pwr_ex.c.obj
 .debug_macro   0x000249fb      0x1ba CMakeFiles/STM32_NUCLEO-G474RE_Demo.dir/Drivers/STM32G4xx_HAL_Driver/Src/stm32g4xx_hal_cortex.c.obj
 .debug_macro   0x00024bb5      0x1e5 CMakeFiles/STM32_NUCLEO-G474RE_Demo.dir/Drivers/STM32G4xx_HAL_Driver/Src/stm32g4xx_hal_uart.c.obj
 .debug_macro   0x00024d9a      0x1ba CMakeFiles/STM32_NUCLEO-G474RE_Demo.dir/Core/Src/system_stm32g4xx.c.obj

.debug_line     0x00000000     0xc1c2
 .debug_line    0x00000000      0x95d CMakeFiles/STM32_NUCLEO-G474RE_Demo.dir/Core/Src/main.c.obj
 .debug_line    0x0000095d      0x8ef CMakeFiles/STM32_NUCLEO-G474RE_Demo.dir/Core/Src/gpio.c.obj
 .debug_line    0x0000124c      0x9d6 CMakeFiles/STM32_NUCLEO-G474RE_Demo.dir/Core/Src/stm32g4xx_it.c.obj
 .debug_line    0x00001c22      0x8d7 CMakeFiles/STM32_NUCLEO-G474RE_Demo.dir/Core/Src/stm32g4xx_hal_msp.c.obj
 .debug_line    0x000024f9      0xb1e CMakeFiles/STM32_NUCLEO-G474RE_Demo.dir/Drivers/BSP/STM32G4xx_Nucleo/stm32g4xx_nucleo.c.obj
 .debug_line    0x00003017      0xbc3 CMakeFiles/STM32_NUCLEO-G474RE_Demo.dir/Drivers/STM32G4xx_HAL_Driver/Src/stm32g4xx_hal.c.obj
 .debug_line    0x00003bda      0xf8e CMakeFiles/STM32_NUCLEO-G474RE_Demo.dir/Drivers/STM32G4xx_HAL_Driver/Src/stm32g4xx_hal_rcc.c.obj
 .debug_line    0x00004b68      0xbdc CMakeFiles/STM32_NUCLEO-G474RE_Demo.dir/Drivers/STM32G4xx_HAL_Driver/Src/stm32g4xx_hal_gpio.c.obj
 .debug_line    0x00005744      0xb13 CMakeFiles/STM32_NUCLEO-G474RE_Demo.dir/Drivers/STM32G4xx_HAL_Driver/Src/stm32g4xx_hal_exti.c.obj
 .debug_line    0x00006257      0xd32 CMakeFiles/STM32_NUCLEO-G474RE_Demo.dir/Drivers/STM32G4xx_HAL_Driver/Src/stm32g4xx_hal_pwr_ex.c.obj
 .debug_line    0x00006f89      0xd56 CMakeFiles/STM32_NUCLEO-G474RE_Demo.dir/Drivers/STM32G4xx_HAL_Driver/Src/stm32g4xx_hal_cortex.c.obj
 .debug_line    0x00007cdf     0x3c61 CMakeFiles/STM32_NUCLEO-G474RE_Demo.dir/Drivers/STM32G4xx_HAL_Driver/Src/stm32g4xx_hal_uart.c.obj
 .debug_line    0x0000b940      0x807 CMakeFiles/STM32_NUCLEO-G474RE_Demo.dir/Core/Src/system_stm32g4xx.c.obj
 .debug_line    0x0000c147       0x7b CMakeFiles/STM32_NUCLEO-G474RE_Demo.dir/startup_stm32g474xx.s.obj

.debug_str      0x00000000    0xe922e
 .debug_str     0x00000000    0xe5db6 CMakeFiles/STM32_NUCLEO-G474RE_Demo.dir/Core/Src/main.c.obj
                              0xe6078 (size before relaxing)
 .debug_str     0x000e5db6      0x251 CMakeFiles/STM32_NUCLEO-G474RE_Demo.dir/Core/Src/gpio.c.obj
                              0xe5e93 (size before relaxing)
 .debug_str     0x000e6007      0x16f CMakeFiles/STM32_NUCLEO-G474RE_Demo.dir/Core/Src/stm32g4xx_it.c.obj
                              0xe5de5 (size before relaxing)
 .debug_str     0x000e6176       0x7a CMakeFiles/STM32_NUCLEO-G474RE_Demo.dir/Core/Src/stm32g4xx_hal_msp.c.obj
                              0xe5de9 (size before relaxing)
 .debug_str     0x000e61f0      0xe87 CMakeFiles/STM32_NUCLEO-G474RE_Demo.dir/Drivers/BSP/STM32G4xx_Nucleo/stm32g4xx_nucleo.c.obj
                              0xe3c36 (size before relaxing)
 .debug_str     0x000e7077      0x620 CMakeFiles/STM32_NUCLEO-G474RE_Demo.dir/Drivers/STM32G4xx_HAL_Driver/Src/stm32g4xx_hal.c.obj
                              0xe3066 (size before relaxing)
 .debug_str     0x000e7697      0x5ca CMakeFiles/STM32_NUCLEO-G474RE_Demo.dir/Drivers/STM32G4xx_HAL_Driver/Src/stm32g4xx_hal_rcc.c.obj
                              0xe2a73 (size before relaxing)
 .debug_str     0x000e7c61       0xe5 CMakeFiles/STM32_NUCLEO-G474RE_Demo.dir/Drivers/STM32G4xx_HAL_Driver/Src/stm32g4xx_hal_gpio.c.obj
                              0xe24df (size before relaxing)
 .debug_str     0x000e7d46      0x19e CMakeFiles/STM32_NUCLEO-G474RE_Demo.dir/Drivers/STM32G4xx_HAL_Driver/Src/stm32g4xx_hal_exti.c.obj
                              0xe23ee (size before relaxing)
 .debug_str     0x000e7ee4      0x4c1 CMakeFiles/STM32_NUCLEO-G474RE_Demo.dir/Drivers/STM32G4xx_HAL_Driver/Src/stm32g4xx_hal_pwr_ex.c.obj
                              0xe2842 (size before relaxing)
 .debug_str     0x000e83a5      0x378 CMakeFiles/STM32_NUCLEO-G474RE_Demo.dir/Drivers/STM32G4xx_HAL_Driver/Src/stm32g4xx_hal_cortex.c.obj
                              0xe2d22 (size before relaxing)
 .debug_str     0x000e871d      0xa42 CMakeFiles/STM32_NUCLEO-G474RE_Demo.dir/Drivers/STM32G4xx_HAL_Driver/Src/stm32g4xx_hal_uart.c.obj
                              0xe330f (size before relaxing)
 .debug_str     0x000e915f       0x6d CMakeFiles/STM32_NUCLEO-G474RE_Demo.dir/Core/Src/system_stm32g4xx.c.obj
                              0xe2354 (size before relaxing)
 .debug_str     0x000e91cc       0x62 CMakeFiles/STM32_NUCLEO-G474RE_Demo.dir/startup_stm32g474xx.s.obj
                                 0x9e (size before relaxing)

.comment        0x00000000       0x43
 .comment       0x00000000       0x43 CMakeFiles/STM32_NUCLEO-G474RE_Demo.dir/Core/Src/main.c.obj
                                 0x44 (size before relaxing)
 .comment       0x00000043       0x44 CMakeFiles/STM32_NUCLEO-G474RE_Demo.dir/Core/Src/gpio.c.obj
 .comment       0x00000043       0x44 CMakeFiles/STM32_NUCLEO-G474RE_Demo.dir/Core/Src/stm32g4xx_it.c.obj
 .comment       0x00000043       0x44 CMakeFiles/STM32_NUCLEO-G474RE_Demo.dir/Core/Src/stm32g4xx_hal_msp.c.obj
 .comment       0x00000043       0x44 CMakeFiles/STM32_NUCLEO-G474RE_Demo.dir/Drivers/BSP/STM32G4xx_Nucleo/stm32g4xx_nucleo.c.obj
 .comment       0x00000043       0x44 CMakeFiles/STM32_NUCLEO-G474RE_Demo.dir/Drivers/STM32G4xx_HAL_Driver/Src/stm32g4xx_hal.c.obj
 .comment       0x00000043       0x44 CMakeFiles/STM32_NUCLEO-G474RE_Demo.dir/Drivers/STM32G4xx_HAL_Driver/Src/stm32g4xx_hal_rcc.c.obj
 .comment       0x00000043       0x44 CMakeFiles/STM32_NUCLEO-G474RE_Demo.dir/Drivers/STM32G4xx_HAL_Driver/Src/stm32g4xx_hal_gpio.c.obj
 .comment       0x00000043       0x44 CMakeFiles/STM32_NUCLEO-G474RE_Demo.dir/Drivers/STM32G4xx_HAL_Driver/Src/stm32g4xx_hal_exti.c.obj
 .comment       0x00000043       0x44 CMakeFiles/STM32_NUCLEO-G474RE_Demo.dir/Drivers/STM32G4xx_HAL_Driver/Src/stm32g4xx_hal_pwr_ex.c.obj
 .comment       0x00000043       0x44 CMakeFiles/STM32_NUCLEO-G474RE_Demo.dir/Drivers/STM32G4xx_HAL_Driver/Src/stm32g4xx_hal_cortex.c.obj
 .comment       0x00000043       0x44 CMakeFiles/STM32_NUCLEO-G474RE_Demo.dir/Drivers/STM32G4xx_HAL_Driver/Src/stm32g4xx_hal_uart.c.obj
 .comment       0x00000043       0x44 CMakeFiles/STM32_NUCLEO-G474RE_Demo.dir/Core/Src/system_stm32g4xx.c.obj

.debug_line_str
                0x00000000       0x82
 .debug_line_str
                0x00000000       0x82 CMakeFiles/STM32_NUCLEO-G474RE_Demo.dir/startup_stm32g474xx.s.obj
